OpenROAD 26Q1-2913-gd1719d5edc 
Features included (+) or not (-): +GPU +GUI +Python
This program is licensed under the BSD-3 license. See the LICENSE file for details.
Components of this program may be licensed under more restrictive licenses which must be honored.
[WARNING ORD-2056] The following 1 liberty cell(s) do not have LEF masters and will be marked as dont-use:
  TAPCELL_X1
Startpoint: in2 (input port clocked by virtual)
Endpoint: out (output port clocked by virtual)
Path Group: virtual
Path Type: max

      Cap      Slew     Delay      Time   Description
-------------------------------------------------------------------------------
             0.0000    0.0000    0.0000   clock virtual (rise edge)
                       0.0000    0.0000   clock network delay (ideal)
                       0.0500    0.0500 ^ input external delay
   1.6642    0.0200    0.0000    0.0500 ^ in2 (in)
             0.0200    0.0000    0.0500 ^ inst1/A2 (NAND2_X1)
   1.5494    0.0088    0.0156    0.0656 v inst1/ZN (NAND2_X1)
             0.0088    0.0000    0.0656 v inst2/A (INV_X1)
  10.0000    0.0252    0.0328    0.0984 ^ inst2/ZN (INV_X1)
             0.0252    0.0000    0.0984 ^ out (out)
                                 0.0984   data arrival time

             0.0000    1.0000    1.0000   clock virtual (rise edge)
                       0.0000    1.0000   clock network delay (ideal)
                       0.0000    1.0000   clock reconvergence pessimism
                      -0.0500    0.9500   output external delay
                                 0.9500   data required time
-------------------------------------------------------------------------------
                                 0.9500   data required time
                                -0.0984   data arrival time
-------------------------------------------------------------------------------
                                 0.8516   slack (MET)


