
Note: No compatibility mode selected!


Circuit: * inverter_test.sp

Doing analysis at TEMP = 25.000000 and TNOM = 27.000000

Using SPARSE 1.3 as Direct Linear Solver

Initial Transient Solution
--------------------------

Node                                   Voltage
----                                   -------
vdd                                        1.1
src                                          0
a                                  1.81137e-05
zn                                     1.09997
load                                   1.09997
vin#branch                         9.05686e-09
vdd#branch                        -6.09849e-08

 Reference value :  6.12500e-10 Reference value :  1.25110e-09
No. of Data Rows : 7532
tphl                =  1.077345e-11 targ=  1.251704e-10 trig=  1.143970e-10
tplh                =  1.144280e-11 targ=  4.356555e-10 trig=  4.242127e-10
rise_a              =  1.164514e-11 targ=  1.215386e-10 trig=  1.098934e-10
fall_zn             =  1.096866e-11 targ=  1.312262e-10 trig=  1.202576e-10
energy              =  1.51362e-14 from=  7.00000e-10 to=  1.40000e-09
ngspice-45.2 done
